[dawoodahmed.com/index8260.html]
[backblue.gif]
[fade.gif]
[index.html]
[dawoodahmed.com/wp-content/uploads/2016/10/favicon-16x16.png]
[dawoodahmed.com/feed/index.html]
[dawoodahmed.com/comments/feed/index.html]
[dawoodahmed.com/index.html]
[dawoodahmed.com/wp-content/uploads/2017/03/social1.png]
[dawoodahmed.com/wp-includes/js/jquery/jquery4a5f.js]
[dawoodahmed.com/wp-includes/js/jquery/jquery-migrate.min330a.js]
[dawoodahmed.com/wp-includes/js/jquery/ui/core.mine899.js]
[dawoodahmed.com/wp-content/plugins/revslider/public/assets/js/rbtools.min9b30.js]
[dawoodahmed.com/wp-content/plugins/revslider/public/assets/js/rs6.min9b30.js]
[dawoodahmed.com/wp-content/plugins/elementor/assets/lib/font-awesome/js/v4-shims.minf4e1.js]
[dawoodahmed.com/wp-content/plugins/Ultimate_VC_Addons/assets/min-js/ultimate.minf92b.js]
[dawoodahmed.com/wp-json/oembed/1.0/embed4200.json]
[dawoodahmed.com/wp-json/oembed/1.0/embeda2ab]
[cdn.splitbee.io/sb.js]
[www.google-analytics.com/analytics.js]
[dawoodahmed.com/wp-content/uploads/2016/10/Logo-website.png]
[dawoodahmed.com/wp-content/uploads/2016/10/Brochure-logo.png]
[dawoodahmed.com/wp-content/uploads/2016/10/1.jpg]
[dawoodahmed.com/stock-list/index.html]
[dawoodahmed.com/wp-content/uploads/2016/10/3.jpg]
[dawoodahmed.com/about-us/index.html]
[dawoodahmed.com/wp-content/uploads/2016/10/123.jpg]
[dawoodahmed.com/wp-content/uploads/2022/08/sakai-sv512ft-unit-2-2-167x119.png]
[dawoodahmed.com/listings/sv512ft-vibration-roller-2008-2/index.html]
[dawoodahmed.com/wp-content/uploads/2022/08/sakai-sv512t-with-cabin-and-padfoot-drum-watermarked-167x119.png]
[dawoodahmed.com/listings/sv512ft-vibration-roller-2008-1/index.html]
[dawoodahmed.com/wp-content/uploads/2022/08/hamm-3414-single-drum-roller-2-167x119.png]
[dawoodahmed.com/listings/sakai-sv512t-cabin-padfoot-drum/index.html]
[dawoodahmed.com/wp-content/uploads/2022/08/hamm-3410-3-167x119.png]
[dawoodahmed.com/listings/hamm-3414-single-drum-roller-front-blade/index.html]
[dawoodahmed.com/listings/hamm-3410-single-drum-vibration-roller-year-2014/index.html]
[dawoodahmed.com/wp-content/uploads/2022/07/Sakai-SW750H-05-167x119.jpg]
[dawoodahmed.com/wp-content/uploads/2022/07/Sakai-SW750-01-167x119.jpg]
[dawoodahmed.com/listings/sakai-sw750-s-no-vsw7-10156-good-working-condition/index.html]
[dawoodahmed.com/wp-content/uploads/2022/08/hamm-311P-2372-1-167x119.png]
[dawoodahmed.com/listings/sakai-sw750h-s-no-vsw7-10107-good-working-condition/index.html]
[dawoodahmed.com/listings/hamm-311p-drum-drive-s-no-whb0h216eh0002372-year-2017/index.html]
[dawoodahmed.com/wp-content/uploads/2022/08/hamm-311P-2608-3-167x119.png]
[dawoodahmed.com/wp-content/uploads/2022/07/Doosan-DX140W-1-167x119.jpg]
[dawoodahmed.com/listings/hamm-311p-drum-drive-s-no-whb0h216vh0002608-year-2017/index.html]
[dawoodahmed.com/wp-content/uploads/2022/06/PHOTO-2022-06-20-14-12-39-2-167x119.jpg]
[dawoodahmed.com/wp-content/uploads/2022/06/Sakai-SV512D-VSV18D-21314-1-167x119.jpg]
[dawoodahmed.com/listings/doosan-dx140w-wheeled-excavator-year-2011-good-working-condition/index.html]
[dawoodahmed.com/listings/sakai-sv512d-s-no-vsv18d-21774-year-2008-good-working-condition/index.html]
[dawoodahmed.com/wp-content/uploads/2022/06/Hitachi-ZX200-3-03-167x119.jpg]
[dawoodahmed.com/listings/sakai-sv512d-s-no-vsv18d-21314-year-2008-good-working-condition/index.html]
[dawoodahmed.com/wp-content/uploads/2022/05/Kobelco-SK210LC-8-01-167x119.jpg]
[dawoodahmed.com/listings/hitachi-zx200-3-s-no-hcm1u100c00200097-year-2007/index.html]
[dawoodahmed.com/wp-content/uploads/2022/05/Volvo-SD110-04-167x119.jpg]
[dawoodahmed.com/listings/kobelco-sk210lc-8-s-no-yq11-06249-year-2011-crawler-excavator/index.html]
[dawoodahmed.com/wp-content/uploads/2022/05/Volvo-SD120-03-167x119.jpg]
[dawoodahmed.com/listings/volvo-sd120-vibration-roller-s-no-vce0s110v0c550527-year-2013/index.html]
[dawoodahmed.com/wp-content/uploads/2022/05/VOLVO-SD120-05-167x119.jpg]
[dawoodahmed.com/listings/volvo-sd120-vibration-roller-s-no-vce0s110c0c550485-year-2013/index.html]
[dawoodahmed.com/wp-content/uploads/2022/05/Sakai-SW650-004-167x119.jpg]
[dawoodahmed.com/listings/volvo-sd120-vibration-roller-s-no-vce0s110k00059156-year-2013/index.html]
[dawoodahmed.com/wp-content/uploads/2022/05/Sakai-SW650-01-167x119.jpg]
[dawoodahmed.com/wp-content/uploads/2022/03/Sakai-SV512D-VSV18D-21748-167x119.jpg]
[dawoodahmed.com/listings/sakai-sw650-tandem-roller-s-no-vsw16-10235-hours-722/index.html]
[dawoodahmed.com/listings/sakai-sw650-tandem-roller-s-no-vsw16-10124-hours-3925/index.html]
[dawoodahmed.com/wp-content/uploads/2022/03/Sakai-SV512D-VSV18D-20672-1-167x119.jpg]
[dawoodahmed.com/wp-content/uploads/2022/03/Ingersoll-Rand-SD100DC-1-167x119.jpg]
[dawoodahmed.com/listings/sakai-sv512d-s-no-vsv18d-21748-year-2008/index.html]
[dawoodahmed.com/listings/sakai-sv512d-s-no-vsv18d-20672-year-2008/index.html]
[dawoodahmed.com/wp-content/uploads/2022/03/INGERSOLL-RAND-SD100C-2-167x119.jpg]
[dawoodahmed.com/listings/ingersoll-rand-sd100dc-s-no-196450-year-2008/index.html]
[dawoodahmed.com/wp-content/uploads/2022/01/SAKAI-SV512TE-20485-02-167x119.jpg]
[dawoodahmed.com/listings/ingersoll-rand-sd100dc-s-no-193940-year-2007/index.html]
[dawoodahmed.com/wp-content/uploads/2021/09/Hitachi-EX330LC-1998-1-167x119.jpg]
[dawoodahmed.com/listings/sakai-sv512t-padfoot-cabin-year-2008-2/index.html]
[dawoodahmed.com/wp-content/uploads/2021/09/Hamm-3410-2004-7-167x119.jpg]
[dawoodahmed.com/listings/hitachi-ex330lc-5-year-1998-hydraulic-excavator/index.html]
[dawoodahmed.com/wp-content/uploads/2021/09/IMG_1259-167x119.jpg]
[dawoodahmed.com/listings/hamm-3410-year-2004-cabin-good-working-unit/index.html]
[dawoodahmed.com/wp-content/uploads/2021/09/Sakai-SV512D-E-1-167x119.jpg]
[dawoodahmed.com/listings/sakai-sv512t-padfoot-cabin-year-2008/index.html]
[dawoodahmed.com/wp-content/uploads/2021/09/Hamm-3412-4-167x119.jpg]
[dawoodahmed.com/wp-content/uploads/2021/06/Edible-Oil-4-167x119.jpg]
[dawoodahmed.com/listings/sakai-sv512d-e-cabin-year-2004/index.html]
[dawoodahmed.com/listings/hamm-3412-vibration-roller-year-2005/index.html]
[dawoodahmed.com/wp-content/uploads/2021/06/Toilet-Soap-Finishing-Line-4-167x119.jpg]
[dawoodahmed.com/listings/edible-oil-plant-refinery/index.html]
[dawoodahmed.com/wp-content/uploads/2021/05/Sakai-SV70D-1-167x119.jpg]
[dawoodahmed.com/listings/soap-noodle-cake-finishing-line/index.html]
[dawoodahmed.com/wp-content/uploads/2021/05/JLG-660SJ-01-167x119.jpg]
[dawoodahmed.com/listings/sakai-sv70d-year-1996-cabin/index.html]
[dawoodahmed.com/wp-content/uploads/2021/05/JLG660SJ-2012-1-167x119.jpg]
[dawoodahmed.com/listings/jlg-660sj-boom-lift-year-2012-s-no-030016074/index.html]
[dawoodahmed.com/wp-content/uploads/2021/04/CAT-910-80U4230-1-167x119.jpg]
[dawoodahmed.com/wp-content/uploads/2021/03/Hamm-311-2016-1-167x119.jpg]
[dawoodahmed.com/listings/jlg-660sj-boom-lift-year-2012-s-no-0300160739/index.html]
[dawoodahmed.com/listings/cat-910-wheel-loader-80u-series/index.html]
[dawoodahmed.com/wp-content/uploads/2021/03/Ammann-Asphalt-Plant-167x119.jpg]
[dawoodahmed.com/wp-content/uploads/2021/03/CAT-966F-II-8BG003257-1-167x119.jpg]
[dawoodahmed.com/listings/used-ammann-asphalt-plant-200-t-h-comes-recycle-plant/index.html]
[dawoodahmed.com/wp-content/uploads/2021/03/1-167x119.jpg]
[dawoodahmed.com/listings/cat-966f-ii-wheel-loader-good-condition-japan-origin/index.html]
[dawoodahmed.com/index8260.html]
[dawoodahmed.com/index.html]
[dawoodahmed.com/wp-includes/css/dist/block-library/style.minbb49.css]
[dawoodahmed.com/wp-content/plugins/automotive/css/all.min7e00.css]
[dawoodahmed.com/wp-content/plugins/automotive/css/v4-shims.min7e00.css]
[dawoodahmed.com/wp-content/plugins/automotive/css/jquery-ui7e00.css]
[dawoodahmed.com/wp-content/plugins/automotive/css/bootstrap.min7e00.css]
[dawoodahmed.com/wp-content/plugins/automotive/css/animate.min7e00.css]
[dawoodahmed.com/wp-content/plugins/js_composer/assets/lib/flexslider/flexslider.min31dc.css]
[dawoodahmed.com/wp-content/plugins/automotive/css/listing_style7e00.css]
[dawoodahmed.com/wp-content/plugins/automotive/css/mobile7e00.css]
[dawoodahmed.com/wp-content/plugins/automotive/css/jquery.fancybox7e00.css]
[dawoodahmed.com/wp-content/plugins/automotive/css/shortcodes7e00.css]
[dawoodahmed.com/wp-content/plugins/automotive/css/ts7e00.css]
[dawoodahmed.com/wp-content/plugins/header-footer-elementor/assets/css/header-footer-elementord203.css]
[dawoodahmed.com/wp-content/plugins/elementor/assets/lib/eicons/css/elementor-icons.min7816.css]
[dawoodahmed.com/wp-content/plugins/elementor/assets/css/frontend-lite.minf4e1.css]
